// Jest Snapshot v1, https://goo.gl/fbAQLP

exports[`MapContainer Check node of MapContainer 1`] = `"<div class=\\"mapContainer\\"><div class=\\"leaflet-container leaflet-grab leaflet-touch-drag\\" style=\\"position: relative;\\" tabindex=\\"0\\"><div class=\\"leaflet-pane leaflet-map-pane\\" style=\\"left: 0px; top: 0px;\\"><div class=\\"leaflet-pane leaflet-tile-pane\\"><div class=\\"leaflet-layer \\" style=\\"z-index: 1;\\"><div class=\\"leaflet-tile-container leaflet-zoom-animated\\" style=\\"z-index: 19; left: 0px; top: 0px;\\"><img alt=\\"\\" role=\\"presentation\\" src=\\"https://b.tile.openstreetmap.org/13/6862/3507.png\\" class=\\"leaflet-tile\\" style=\\"width: 256px; height: 256px; left: -60px; top: -84px;\\"></div></div></div><div class=\\"leaflet-pane leaflet-shadow-pane\\"><img src=\\"marker-shadow.png\\" class=\\"leaflet-marker-shadow leaflet-zoom-hide\\" style=\\"margin-left: -12px; margin-top: -41px; width: 41px; height: 41px; left: 0px; top: 0px;\\" alt=\\"\\"></div><div class=\\"leaflet-pane leaflet-overlay-pane\\"></div><div class=\\"leaflet-pane leaflet-marker-pane\\"><img src=\\"marker-icon.png\\" class=\\"leaflet-marker-icon leaflet-zoom-hide leaflet-interactive\\" style=\\"margin-left: -12px; margin-top: -41px; width: 25px; height: 41px; left: 0px; top: 0px; z-index: 0;\\" alt=\\"\\" tabindex=\\"0\\"></div><div class=\\"leaflet-pane leaflet-tooltip-pane\\"></div><div class=\\"leaflet-pane leaflet-popup-pane\\"></div></div><div class=\\"leaflet-control-container\\"><div class=\\"leaflet-top leaflet-left\\"><div class=\\"leaflet-control-zoom leaflet-bar leaflet-control\\"><a class=\\"leaflet-control-zoom-in\\" href=\\"#\\" title=\\"Zoom in\\" role=\\"button\\" aria-label=\\"Zoom in\\">+</a><a class=\\"leaflet-control-zoom-out\\" href=\\"#\\" title=\\"Zoom out\\" role=\\"button\\" aria-label=\\"Zoom out\\">−</a></div><div class=\\"leaflet-draw leaflet-control\\"></div></div><div class=\\"leaflet-top leaflet-right\\"></div><div class=\\"leaflet-bottom leaflet-left\\"></div><div class=\\"leaflet-bottom leaflet-right\\"><div class=\\"leaflet-control-attribution leaflet-control\\"><a href=\\"https://leafletjs.com\\" title=\\"A JS library for interactive maps\\">Leaflet</a> | © <a href=\\"http://osm.org/copyright\\">OpenStreetMap</a> contributors</div></div></div><div class=\\"mapComponent bottom right\\"><button title=\\"定位當前位置\\" type=\\"button\\" class=\\"ant-btn btn\\"><i class=\\"material-icons\\">my_location</i></button></div></div></div>"`;
